0 verbose cli /usr/local/bin/node /usr/local/bin/npm
1 info using npm@10.9.2
2 info using node@v22.13.1
3 silly config load:file:/usr/local/lib/node_modules/npm/npmrc
4 silly config load:file:/Users/ewanlimrick/Desktop/hoopduels/.npmrc
5 silly config load:file:/Users/ewanlimrick/.npmrc
6 silly config load:file:/usr/local/etc/npmrc
7 verbose title npm install
8 verbose argv "install" "--cache" ".npm-cache"
9 verbose logfile logs-max:10 dir:/Users/ewanlimrick/Desktop/hoopduels/.npm-cache/_logs/2026-02-14T03_26_25_316Z-
10 verbose logfile /Users/ewanlimrick/Desktop/hoopduels/.npm-cache/_logs/2026-02-14T03_26_25_316Z-debug-0.log
11 silly logfile done cleaning log files
12 silly packumentCache heap:4345298944 maxSize:1086324736 maxEntrySize:543162368
13 silly idealTree buildDeps
14 silly fetch manifest express@^4.21.2
15 silly packumentCache full:https://registry.npmjs.org/express cache-miss
16 http fetch GET 200 https://registry.npmjs.org/express 114ms (cache miss)
17 silly packumentCache full:https://registry.npmjs.org/express set size:undefined disposed:false
18 silly fetch manifest socket.io@^4.8.1
19 silly packumentCache full:https://registry.npmjs.org/socket.io cache-miss
20 http fetch GET 200 https://registry.npmjs.org/npm 203ms
21 http fetch GET 200 https://registry.npmjs.org/socket.io 73ms (cache miss)
22 silly packumentCache full:https://registry.npmjs.org/socket.io set size:undefined disposed:false
23 silly placeDep ROOT express@4.22.1 OK for: hoopduels@0.1.0 want: ^4.21.2
24 silly placeDep ROOT socket.io@4.8.3 OK for: hoopduels@0.1.0 want: ^4.8.1
25 silly fetch manifest qs@~6.14.0
26 silly packumentCache full:https://registry.npmjs.org/qs cache-miss
27 silly fetch manifest depd@2.0.0
28 silly packumentCache full:https://registry.npmjs.org/depd cache-miss
29 silly fetch manifest etag@~1.8.1
30 silly packumentCache full:https://registry.npmjs.org/etag cache-miss
31 silly fetch manifest send@~0.19.0
32 silly packumentCache full:https://registry.npmjs.org/send cache-miss
33 silly fetch manifest vary@~1.1.2
34 silly packumentCache full:https://registry.npmjs.org/vary cache-miss
35 silly fetch manifest debug@2.6.9
36 silly packumentCache full:https://registry.npmjs.org/debug cache-miss
37 silly fetch manifest fresh@~0.5.2
38 silly packumentCache full:https://registry.npmjs.org/fresh cache-miss
39 silly fetch manifest cookie@~0.7.1
40 silly packumentCache full:https://registry.npmjs.org/cookie cache-miss
41 silly fetch manifest accepts@~1.3.8
42 silly packumentCache full:https://registry.npmjs.org/accepts cache-miss
43 silly fetch manifest methods@~1.1.2
44 silly packumentCache full:https://registry.npmjs.org/methods cache-miss
45 silly fetch manifest type-is@~1.6.18
46 silly packumentCache full:https://registry.npmjs.org/type-is cache-miss
47 silly fetch manifest parseurl@~1.3.3
48 silly packumentCache full:https://registry.npmjs.org/parseurl cache-miss
49 silly fetch manifest statuses@~2.0.1
50 silly packumentCache full:https://registry.npmjs.org/statuses cache-miss
51 silly fetch manifest encodeurl@~2.0.0
52 silly packumentCache full:https://registry.npmjs.org/encodeurl cache-miss
53 silly fetch manifest proxy-addr@~2.0.7
54 silly packumentCache full:https://registry.npmjs.org/proxy-addr cache-miss
55 http fetch GET 200 https://registry.npmjs.org/qs 43ms (cache miss)
56 silly packumentCache full:https://registry.npmjs.org/qs set size:undefined disposed:false
57 silly fetch manifest body-parser@~1.20.3
58 silly packumentCache full:https://registry.npmjs.org/body-parser cache-miss
59 http fetch GET 200 https://registry.npmjs.org/depd 78ms (cache miss)
60 silly packumentCache full:https://registry.npmjs.org/depd set size:undefined disposed:false
61 silly fetch manifest escape-html@~1.0.3
62 silly packumentCache full:https://registry.npmjs.org/escape-html cache-miss
63 http fetch GET 200 https://registry.npmjs.org/body-parser 46ms (cache miss)
64 silly packumentCache full:https://registry.npmjs.org/body-parser set size:undefined disposed:false
65 silly fetch manifest http-errors@~2.0.0
66 silly packumentCache full:https://registry.npmjs.org/http-errors cache-miss
67 http fetch GET 200 https://registry.npmjs.org/escape-html 119ms (cache miss)
68 silly packumentCache full:https://registry.npmjs.org/escape-html set size:undefined disposed:false
69 silly fetch manifest on-finished@~2.4.1
70 silly packumentCache full:https://registry.npmjs.org/on-finished cache-miss
71 http fetch GET 200 https://registry.npmjs.org/vary 200ms (cache miss)
72 silly packumentCache full:https://registry.npmjs.org/vary set size:undefined disposed:false
73 silly fetch manifest safe-buffer@5.2.1
74 silly packumentCache full:https://registry.npmjs.org/safe-buffer cache-miss
75 http fetch GET 200 https://registry.npmjs.org/fresh 199ms (cache miss)
76 silly packumentCache full:https://registry.npmjs.org/fresh set size:undefined disposed:false
77 silly fetch manifest utils-merge@1.0.1
78 silly packumentCache full:https://registry.npmjs.org/utils-merge cache-miss
79 http fetch GET 200 https://registry.npmjs.org/encodeurl 200ms (cache miss)
80 silly packumentCache full:https://registry.npmjs.org/encodeurl set size:undefined disposed:false
81 silly fetch manifest content-type@~1.0.4
82 silly packumentCache full:https://registry.npmjs.org/content-type cache-miss
83 http fetch GET 200 https://registry.npmjs.org/etag 202ms (cache miss)
84 silly packumentCache full:https://registry.npmjs.org/etag set size:undefined disposed:false
85 silly fetch manifest finalhandler@~1.3.1
86 silly packumentCache full:https://registry.npmjs.org/finalhandler cache-miss
87 http fetch GET 200 https://registry.npmjs.org/methods 203ms (cache miss)
88 silly packumentCache full:https://registry.npmjs.org/methods set size:undefined disposed:false
89 silly fetch manifest range-parser@~1.2.1
90 silly packumentCache full:https://registry.npmjs.org/range-parser cache-miss
91 http fetch GET 200 https://registry.npmjs.org/parseurl 204ms (cache miss)
92 silly packumentCache full:https://registry.npmjs.org/parseurl set size:undefined disposed:false
93 silly fetch manifest serve-static@~1.16.2
94 silly packumentCache full:https://registry.npmjs.org/serve-static cache-miss
95 http fetch GET 200 https://registry.npmjs.org/statuses 205ms (cache miss)
96 silly packumentCache full:https://registry.npmjs.org/statuses set size:undefined disposed:false
97 silly fetch manifest array-flatten@1.1.1
98 silly packumentCache full:https://registry.npmjs.org/array-flatten cache-miss
99 http fetch GET 200 https://registry.npmjs.org/proxy-addr 206ms (cache miss)
100 silly packumentCache full:https://registry.npmjs.org/proxy-addr set size:undefined disposed:false
101 silly fetch manifest path-to-regexp@~0.1.12
102 silly packumentCache full:https://registry.npmjs.org/path-to-regexp cache-miss
103 http fetch GET 200 https://registry.npmjs.org/accepts 206ms (cache miss)
104 silly packumentCache full:https://registry.npmjs.org/accepts set size:undefined disposed:false
105 silly fetch manifest setprototypeof@1.2.0
106 silly packumentCache full:https://registry.npmjs.org/setprototypeof cache-miss
107 http fetch GET 200 https://registry.npmjs.org/type-is 207ms (cache miss)
108 silly packumentCache full:https://registry.npmjs.org/type-is set size:undefined disposed:false
109 silly fetch manifest cookie-signature@~1.0.6
110 silly packumentCache full:https://registry.npmjs.org/cookie-signature cache-miss
111 http fetch GET 200 https://registry.npmjs.org/cookie 208ms (cache miss)
112 silly packumentCache full:https://registry.npmjs.org/cookie set size:undefined disposed:false
113 silly fetch manifest merge-descriptors@1.0.3
114 silly packumentCache full:https://registry.npmjs.org/merge-descriptors cache-miss
115 http fetch GET 200 https://registry.npmjs.org/send 211ms (cache miss)
116 silly packumentCache full:https://registry.npmjs.org/send set size:undefined disposed:false
117 silly fetch manifest content-disposition@~0.5.4
118 silly packumentCache full:https://registry.npmjs.org/content-disposition cache-miss
119 http fetch GET 200 https://registry.npmjs.org/debug 214ms (cache miss)
120 silly packumentCache full:https://registry.npmjs.org/debug set size:undefined disposed:false
121 silly fetch manifest accepts@~1.3.4
122 silly packumentCache full:https://registry.npmjs.org/accepts cache-miss
123 http cache https://registry.npmjs.org/accepts 3ms (cache hit)
124 silly packumentCache full:https://registry.npmjs.org/accepts set size:77054 disposed:false
125 silly fetch manifest base64id@~2.0.0
126 silly packumentCache full:https://registry.npmjs.org/base64id cache-miss
127 http fetch GET 200 https://registry.npmjs.org/http-errors 128ms (cache miss)
128 silly packumentCache full:https://registry.npmjs.org/http-errors set size:undefined disposed:false
129 silly fetch manifest cors@~2.8.5
130 silly packumentCache full:https://registry.npmjs.org/cors cache-miss
131 http fetch GET 200 https://registry.npmjs.org/cookie-signature 42ms (cache miss)
132 silly packumentCache full:https://registry.npmjs.org/cookie-signature set size:undefined disposed:false
133 silly fetch manifest debug@~4.4.1
134 silly packumentCache full:https://registry.npmjs.org/debug cache-miss
135 http fetch GET 200 https://registry.npmjs.org/range-parser 48ms (cache miss)
136 silly packumentCache full:https://registry.npmjs.org/range-parser set size:undefined disposed:false
137 silly fetch manifest engine.io@~6.6.0
138 silly packumentCache full:https://registry.npmjs.org/engine.io cache-miss
139 http fetch GET 200 https://registry.npmjs.org/safe-buffer 53ms (cache miss)
140 silly packumentCache full:https://registry.npmjs.org/safe-buffer set size:undefined disposed:false
141 silly fetch manifest socket.io-adapter@~2.5.2
142 silly packumentCache full:https://registry.npmjs.org/socket.io-adapter cache-miss
143 http fetch GET 200 https://registry.npmjs.org/array-flatten 48ms (cache miss)
144 silly packumentCache full:https://registry.npmjs.org/array-flatten set size:undefined disposed:false
145 silly fetch manifest socket.io-parser@~4.2.4
146 silly packumentCache full:https://registry.npmjs.org/socket.io-parser cache-miss
147 http fetch GET 200 https://registry.npmjs.org/on-finished 59ms (cache miss)
148 silly packumentCache full:https://registry.npmjs.org/on-finished set size:undefined disposed:false
149 http fetch GET 200 https://registry.npmjs.org/content-type 55ms (cache miss)
150 silly packumentCache full:https://registry.npmjs.org/content-type set size:undefined disposed:false
151 http fetch GET 200 https://registry.npmjs.org/utils-merge 57ms (cache miss)
152 silly packumentCache full:https://registry.npmjs.org/utils-merge set size:undefined disposed:false
153 http fetch GET 200 https://registry.npmjs.org/finalhandler 55ms (cache miss)
154 silly packumentCache full:https://registry.npmjs.org/finalhandler set size:undefined disposed:false
155 http cache https://registry.npmjs.org/debug 9ms (cache hit)
156 silly packumentCache full:https://registry.npmjs.org/debug set size:195840 disposed:false
157 http fetch GET 200 https://registry.npmjs.org/serve-static 57ms (cache miss)
158 silly packumentCache full:https://registry.npmjs.org/serve-static set size:undefined disposed:false
159 http fetch GET 200 https://registry.npmjs.org/setprototypeof 55ms (cache miss)
160 silly packumentCache full:https://registry.npmjs.org/setprototypeof set size:undefined disposed:false
161 http fetch GET 200 https://registry.npmjs.org/merge-descriptors 53ms (cache miss)
162 silly packumentCache full:https://registry.npmjs.org/merge-descriptors set size:undefined disposed:false
163 http fetch GET 200 https://registry.npmjs.org/path-to-regexp 56ms (cache miss)
164 silly packumentCache full:https://registry.npmjs.org/path-to-regexp set size:undefined disposed:false
165 http fetch GET 200 https://registry.npmjs.org/base64id 47ms (cache miss)
166 silly packumentCache full:https://registry.npmjs.org/base64id set size:undefined disposed:false
167 http fetch GET 200 https://registry.npmjs.org/content-disposition 52ms (cache miss)
168 silly packumentCache full:https://registry.npmjs.org/content-disposition set size:undefined disposed:false
169 http fetch GET 200 https://registry.npmjs.org/cors 48ms (cache miss)
170 silly packumentCache full:https://registry.npmjs.org/cors set size:undefined disposed:false
171 http fetch GET 200 https://registry.npmjs.org/engine.io 53ms (cache miss)
172 silly packumentCache full:https://registry.npmjs.org/engine.io set size:undefined disposed:false
173 http fetch GET 200 https://registry.npmjs.org/socket.io-parser 53ms (cache miss)
174 silly packumentCache full:https://registry.npmjs.org/socket.io-parser set size:undefined disposed:false
175 http fetch GET 200 https://registry.npmjs.org/socket.io-adapter 54ms (cache miss)
176 silly packumentCache full:https://registry.npmjs.org/socket.io-adapter set size:undefined disposed:false
177 silly placeDep ROOT accepts@1.3.8 OK for: express@4.22.1 want: ~1.3.8
178 silly placeDep ROOT array-flatten@1.1.1 OK for: express@4.22.1 want: 1.1.1
179 silly placeDep ROOT body-parser@1.20.4 OK for: express@4.22.1 want: ~1.20.3
180 silly placeDep ROOT content-disposition@0.5.4 OK for: express@4.22.1 want: ~0.5.4
181 silly placeDep ROOT content-type@1.0.5 OK for: express@4.22.1 want: ~1.0.4
182 silly placeDep ROOT cookie@0.7.2 OK for: express@4.22.1 want: ~0.7.1
183 silly placeDep ROOT cookie-signature@1.0.7 OK for: express@4.22.1 want: ~1.0.6
184 silly placeDep ROOT debug@2.6.9 OK for: express@4.22.1 want: 2.6.9
185 silly placeDep ROOT depd@2.0.0 OK for: express@4.22.1 want: 2.0.0
186 silly placeDep ROOT encodeurl@2.0.0 OK for: express@4.22.1 want: ~2.0.0
187 silly placeDep ROOT escape-html@1.0.3 OK for: express@4.22.1 want: ~1.0.3
188 silly placeDep ROOT etag@1.8.1 OK for: express@4.22.1 want: ~1.8.1
189 silly placeDep ROOT finalhandler@1.3.2 OK for: express@4.22.1 want: ~1.3.1
190 silly placeDep ROOT fresh@0.5.2 OK for: express@4.22.1 want: ~0.5.2
191 silly placeDep ROOT http-errors@2.0.1 OK for: express@4.22.1 want: ~2.0.0
192 silly placeDep ROOT merge-descriptors@1.0.3 OK for: express@4.22.1 want: 1.0.3
193 silly placeDep ROOT methods@1.1.2 OK for: express@4.22.1 want: ~1.1.2
194 silly placeDep ROOT on-finished@2.4.1 OK for: express@4.22.1 want: ~2.4.1
195 silly placeDep ROOT parseurl@1.3.3 OK for: express@4.22.1 want: ~1.3.3
196 silly placeDep ROOT path-to-regexp@0.1.12 OK for: express@4.22.1 want: ~0.1.12
197 silly placeDep ROOT proxy-addr@2.0.7 OK for: express@4.22.1 want: ~2.0.7
198 silly placeDep ROOT qs@6.14.2 OK for: express@4.22.1 want: ~6.14.0
199 silly placeDep ROOT range-parser@1.2.1 OK for: express@4.22.1 want: ~1.2.1
200 silly placeDep ROOT safe-buffer@5.2.1 OK for: express@4.22.1 want: 5.2.1
201 silly placeDep ROOT send@0.19.2 OK for: express@4.22.1 want: ~0.19.0
202 silly placeDep ROOT serve-static@1.16.3 OK for: express@4.22.1 want: ~1.16.2
203 silly placeDep ROOT setprototypeof@1.2.0 OK for: express@4.22.1 want: 1.2.0
204 silly placeDep ROOT statuses@2.0.2 OK for: express@4.22.1 want: ~2.0.1
205 silly placeDep ROOT type-is@1.6.18 OK for: express@4.22.1 want: ~1.6.18
206 silly placeDep ROOT utils-merge@1.0.1 OK for: express@4.22.1 want: 1.0.1
207 silly placeDep ROOT vary@1.1.2 OK for: express@4.22.1 want: ~1.1.2
208 silly fetch manifest mime-types@~2.1.34
209 silly packumentCache full:https://registry.npmjs.org/mime-types cache-miss
210 silly fetch manifest negotiator@0.6.3
211 silly packumentCache full:https://registry.npmjs.org/negotiator cache-miss
212 silly fetch manifest bytes@~3.1.2
213 silly packumentCache full:https://registry.npmjs.org/bytes cache-miss
214 silly fetch manifest unpipe@~1.0.0
215 silly packumentCache full:https://registry.npmjs.org/unpipe cache-miss
216 silly fetch manifest destroy@~1.2.0
217 silly packumentCache full:https://registry.npmjs.org/destroy cache-miss
218 silly fetch manifest raw-body@~2.5.3
219 silly packumentCache full:https://registry.npmjs.org/raw-body cache-miss
220 silly fetch manifest iconv-lite@~0.4.24
221 silly packumentCache full:https://registry.npmjs.org/iconv-lite cache-miss
222 silly fetch manifest http-errors@~2.0.1
223 silly packumentCache full:https://registry.npmjs.org/http-errors cache-miss
224 silly fetch manifest content-type@~1.0.5
225 silly packumentCache full:https://registry.npmjs.org/content-type cache-miss
226 silly fetch manifest ms@2.0.0
227 silly packumentCache full:https://registry.npmjs.org/ms cache-miss
228 silly fetch manifest unpipe@~1.0.0
229 silly packumentCache full:https://registry.npmjs.org/unpipe cache-miss
230 silly fetch manifest statuses@~2.0.2
231 silly packumentCache full:https://registry.npmjs.org/statuses cache-miss
232 silly fetch manifest inherits@~2.0.4
233 silly packumentCache full:https://registry.npmjs.org/inherits cache-miss
234 silly fetch manifest setprototypeof@~1.2.0
235 silly packumentCache full:https://registry.npmjs.org/setprototypeof cache-miss
236 silly fetch manifest statuses@~2.0.2
237 silly packumentCache full:https://registry.npmjs.org/statuses cache-miss
238 http cache https://registry.npmjs.org/statuses 4ms (cache hit)
239 silly packumentCache full:https://registry.npmjs.org/statuses set size:37117 disposed:false
240 silly fetch manifest toidentifier@~1.0.1
241 silly packumentCache full:https://registry.npmjs.org/toidentifier cache-miss
242 http cache https://registry.npmjs.org/content-type 5ms (cache hit)
243 silly packumentCache full:https://registry.npmjs.org/content-type set size:17311 disposed:false
244 silly fetch manifest ee-first@1.1.1
245 silly packumentCache full:https://registry.npmjs.org/ee-first cache-miss
246 http cache https://registry.npmjs.org/setprototypeof 5ms (cache hit)
247 silly packumentCache full:https://registry.npmjs.org/setprototypeof set size:14532 disposed:false
248 silly fetch manifest forwarded@0.2.0
249 silly packumentCache full:https://registry.npmjs.org/forwarded cache-miss
250 http cache https://registry.npmjs.org/statuses 6ms (cache hit)
251 silly packumentCache full:https://registry.npmjs.org/statuses set size:37117 disposed:false
252 silly packumentCache full:https://registry.npmjs.org/statuses dispose
253 silly fetch manifest ipaddr.js@1.9.1
254 silly packumentCache full:https://registry.npmjs.org/ipaddr.js cache-miss
255 http cache https://registry.npmjs.org/http-errors 7ms (cache hit)
256 silly packumentCache full:https://registry.npmjs.org/http-errors set size:71987 disposed:false
257 silly fetch manifest side-channel@^1.1.0
258 silly packumentCache full:https://registry.npmjs.org/side-channel cache-miss
259 http fetch GET 200 https://registry.npmjs.org/unpipe 46ms (cache miss)
260 silly packumentCache full:https://registry.npmjs.org/unpipe set size:undefined disposed:false
261 silly fetch manifest ms@2.1.3
262 silly packumentCache full:https://registry.npmjs.org/ms cache-miss
263 http fetch GET 200 https://registry.npmjs.org/bytes 46ms (cache miss)
264 silly packumentCache full:https://registry.npmjs.org/bytes set size:undefined disposed:false
265 silly fetch manifest mime@1.6.0
266 silly packumentCache full:https://registry.npmjs.org/mime cache-miss
267 http fetch GET 200 https://registry.npmjs.org/iconv-lite 49ms (cache miss)
268 silly packumentCache full:https://registry.npmjs.org/iconv-lite set size:undefined disposed:false
269 silly fetch manifest destroy@1.2.0
270 silly packumentCache full:https://registry.npmjs.org/destroy cache-miss
271 http fetch GET 200 https://registry.npmjs.org/unpipe 53ms (cache miss)
272 silly packumentCache full:https://registry.npmjs.org/unpipe set size:undefined disposed:false
273 silly fetch manifest mime-types@~2.1.24
274 silly packumentCache full:https://registry.npmjs.org/mime-types cache-miss
275 http fetch GET 200 https://registry.npmjs.org/ee-first 49ms (cache miss)
276 silly packumentCache full:https://registry.npmjs.org/ee-first set size:undefined disposed:false
277 silly fetch manifest media-typer@0.3.0
278 silly packumentCache full:https://registry.npmjs.org/media-typer cache-miss
279 http fetch GET 200 https://registry.npmjs.org/forwarded 49ms (cache miss)
280 silly packumentCache full:https://registry.npmjs.org/forwarded set size:undefined disposed:false
281 http fetch GET 200 https://registry.npmjs.org/inherits 55ms (cache miss)
282 silly packumentCache full:https://registry.npmjs.org/inherits set size:undefined disposed:false
283 http fetch GET 200 https://registry.npmjs.org/toidentifier 51ms (cache miss)
284 silly packumentCache full:https://registry.npmjs.org/toidentifier set size:undefined disposed:false
285 http fetch GET 200 https://registry.npmjs.org/raw-body 57ms (cache miss)
286 silly packumentCache full:https://registry.npmjs.org/raw-body set size:undefined disposed:false
287 http fetch GET 200 https://registry.npmjs.org/ms 57ms (cache miss)
288 silly packumentCache full:https://registry.npmjs.org/ms set size:undefined disposed:false
289 http fetch GET 200 https://registry.npmjs.org/mime-types 60ms (cache miss)
290 silly packumentCache full:https://registry.npmjs.org/mime-types set size:undefined disposed:false
291 http fetch GET 200 https://registry.npmjs.org/side-channel 54ms (cache miss)
292 silly packumentCache full:https://registry.npmjs.org/side-channel set size:undefined disposed:false
293 http fetch GET 200 https://registry.npmjs.org/ipaddr.js 54ms (cache miss)
294 silly packumentCache full:https://registry.npmjs.org/ipaddr.js set size:undefined disposed:false
295 http fetch GET 200 https://registry.npmjs.org/destroy 64ms (cache miss)
296 silly packumentCache full:https://registry.npmjs.org/destroy set size:undefined disposed:false
297 http fetch GET 200 https://registry.npmjs.org/negotiator 64ms (cache miss)
298 silly packumentCache full:https://registry.npmjs.org/negotiator set size:undefined disposed:false
299 http fetch GET 200 https://registry.npmjs.org/ms 45ms (cache miss)
300 silly packumentCache full:https://registry.npmjs.org/ms set size:undefined disposed:false
301 http fetch GET 200 https://registry.npmjs.org/mime 46ms (cache miss)
302 silly packumentCache full:https://registry.npmjs.org/mime set size:undefined disposed:false
303 http fetch GET 200 https://registry.npmjs.org/destroy 46ms (cache miss)
304 silly packumentCache full:https://registry.npmjs.org/destroy set size:undefined disposed:false
305 http fetch GET 200 https://registry.npmjs.org/mime-types 42ms (cache miss)
306 silly packumentCache full:https://registry.npmjs.org/mime-types set size:undefined disposed:false
307 http fetch GET 200 https://registry.npmjs.org/media-typer 43ms (cache miss)
308 silly packumentCache full:https://registry.npmjs.org/media-typer set size:undefined disposed:false
309 silly placeDep ROOT mime-types@2.1.35 OK for: accepts@1.3.8 want: ~2.1.34
310 silly placeDep ROOT negotiator@0.6.3 OK for: accepts@1.3.8 want: 0.6.3
311 silly fetch manifest mime-db@1.52.0
312 silly packumentCache full:https://registry.npmjs.org/mime-db cache-miss
313 http fetch GET 200 https://registry.npmjs.org/mime-db 50ms (cache miss)
314 silly packumentCache full:https://registry.npmjs.org/mime-db set size:undefined disposed:false
315 silly placeDep ROOT bytes@3.1.2 OK for: body-parser@1.20.4 want: ~3.1.2
316 silly placeDep ROOT destroy@1.2.0 OK for: body-parser@1.20.4 want: ~1.2.0
317 silly placeDep ROOT iconv-lite@0.4.24 OK for: body-parser@1.20.4 want: ~0.4.24
318 silly placeDep ROOT raw-body@2.5.3 OK for: body-parser@1.20.4 want: ~2.5.3
319 silly placeDep ROOT unpipe@1.0.0 OK for: body-parser@1.20.4 want: ~1.0.0
320 silly fetch manifest safer-buffer@>= 2.1.2 < 3
321 silly packumentCache full:https://registry.npmjs.org/safer-buffer cache-miss
322 http fetch GET 200 https://registry.npmjs.org/safer-buffer 58ms (cache miss)
323 silly packumentCache full:https://registry.npmjs.org/safer-buffer set size:undefined disposed:false
324 silly placeDep ROOT ms@2.0.0 OK for: debug@2.6.9 want: 2.0.0
325 silly placeDep ROOT inherits@2.0.4 OK for: http-errors@2.0.1 want: ~2.0.4
326 silly placeDep ROOT toidentifier@1.0.1 OK for: http-errors@2.0.1 want: ~1.0.1
327 silly placeDep ROOT safer-buffer@2.1.2 OK for: iconv-lite@0.4.24 want: >= 2.1.2 < 3
328 silly placeDep ROOT mime-db@1.52.0 OK for: mime-types@2.1.35 want: 1.52.0
329 silly placeDep ROOT ee-first@1.1.1 OK for: on-finished@2.4.1 want: 1.1.1
330 silly placeDep ROOT forwarded@0.2.0 OK for: proxy-addr@2.0.7 want: 0.2.0
331 silly placeDep ROOT ipaddr.js@1.9.1 OK for: proxy-addr@2.0.7 want: 1.9.1
332 silly placeDep ROOT side-channel@1.1.0 OK for: qs@6.14.2 want: ^1.1.0
333 silly fetch manifest es-errors@^1.3.0
334 silly packumentCache full:https://registry.npmjs.org/es-errors cache-miss
335 silly fetch manifest object-inspect@^1.13.3
336 silly packumentCache full:https://registry.npmjs.org/object-inspect cache-miss
337 silly fetch manifest side-channel-list@^1.0.0
338 silly packumentCache full:https://registry.npmjs.org/side-channel-list cache-miss
339 silly fetch manifest side-channel-map@^1.0.1
340 silly packumentCache full:https://registry.npmjs.org/side-channel-map cache-miss
341 silly fetch manifest side-channel-weakmap@^1.0.2
342 silly packumentCache full:https://registry.npmjs.org/side-channel-weakmap cache-miss
343 http fetch GET 200 https://registry.npmjs.org/es-errors 52ms (cache miss)
344 silly packumentCache full:https://registry.npmjs.org/es-errors set size:undefined disposed:false
345 http fetch GET 200 https://registry.npmjs.org/object-inspect 52ms (cache miss)
346 silly packumentCache full:https://registry.npmjs.org/object-inspect set size:undefined disposed:false
347 http fetch GET 200 https://registry.npmjs.org/side-channel-map 54ms (cache miss)
348 silly packumentCache full:https://registry.npmjs.org/side-channel-map set size:undefined disposed:false
349 http fetch GET 200 https://registry.npmjs.org/side-channel-weakmap 54ms (cache miss)
350 silly packumentCache full:https://registry.npmjs.org/side-channel-weakmap set size:undefined disposed:false
351 http fetch GET 200 https://registry.npmjs.org/side-channel-list 55ms (cache miss)
352 silly packumentCache full:https://registry.npmjs.org/side-channel-list set size:undefined disposed:false
353 silly placeDep ROOT mime@1.6.0 OK for: send@0.19.2 want: 1.6.0
354 silly placeDep node_modules/send ms@2.1.3 OK for: send@0.19.2 want: 2.1.3
355 silly placeDep ROOT es-errors@1.3.0 OK for: side-channel@1.1.0 want: ^1.3.0
356 silly placeDep ROOT object-inspect@1.13.4 OK for: side-channel@1.1.0 want: ^1.13.3
357 silly placeDep ROOT side-channel-list@1.0.0 OK for: side-channel@1.1.0 want: ^1.0.0
358 silly placeDep ROOT side-channel-map@1.0.1 OK for: side-channel@1.1.0 want: ^1.0.1
359 silly placeDep ROOT side-channel-weakmap@1.0.2 OK for: side-channel@1.1.0 want: ^1.0.2
360 silly fetch manifest call-bound@^1.0.2
361 silly packumentCache full:https://registry.npmjs.org/call-bound cache-miss
362 silly fetch manifest get-intrinsic@^1.2.5
363 silly packumentCache full:https://registry.npmjs.org/get-intrinsic cache-miss
364 silly fetch manifest call-bound@^1.0.2
365 silly packumentCache full:https://registry.npmjs.org/call-bound cache-miss
366 silly fetch manifest get-intrinsic@^1.2.5
367 silly packumentCache full:https://registry.npmjs.org/get-intrinsic cache-miss
368 http fetch GET 200 https://registry.npmjs.org/call-bound 123ms (cache miss)
369 silly packumentCache full:https://registry.npmjs.org/call-bound set size:undefined disposed:false
370 http fetch GET 200 https://registry.npmjs.org/call-bound 123ms (cache miss)
371 silly packumentCache full:https://registry.npmjs.org/call-bound set size:undefined disposed:false
372 http fetch GET 200 https://registry.npmjs.org/get-intrinsic 124ms (cache miss)
373 silly packumentCache full:https://registry.npmjs.org/get-intrinsic set size:undefined disposed:false
374 http fetch GET 200 https://registry.npmjs.org/get-intrinsic 125ms (cache miss)
375 silly packumentCache full:https://registry.npmjs.org/get-intrinsic set size:undefined disposed:false
376 silly placeDep ROOT call-bound@1.0.4 OK for: side-channel-map@1.0.1 want: ^1.0.2
377 silly placeDep ROOT get-intrinsic@1.3.0 OK for: side-channel-map@1.0.1 want: ^1.2.5
378 silly fetch manifest call-bind-apply-helpers@^1.0.2
379 silly packumentCache full:https://registry.npmjs.org/call-bind-apply-helpers cache-miss
380 silly fetch manifest get-intrinsic@^1.3.0
381 silly packumentCache full:https://registry.npmjs.org/get-intrinsic cache-miss
382 silly fetch manifest gopd@^1.2.0
383 silly packumentCache full:https://registry.npmjs.org/gopd cache-miss
384 silly fetch manifest hasown@^2.0.2
385 silly packumentCache full:https://registry.npmjs.org/hasown cache-miss
386 silly fetch manifest get-proto@^1.0.1
387 silly packumentCache full:https://registry.npmjs.org/get-proto cache-miss
388 silly fetch manifest has-symbols@^1.1.0
389 silly packumentCache full:https://registry.npmjs.org/has-symbols cache-miss
390 silly fetch manifest function-bind@^1.1.2
391 silly packumentCache full:https://registry.npmjs.org/function-bind cache-miss
392 silly fetch manifest es-object-atoms@^1.1.1
393 silly packumentCache full:https://registry.npmjs.org/es-object-atoms cache-miss
394 silly fetch manifest math-intrinsics@^1.1.0
395 silly packumentCache full:https://registry.npmjs.org/math-intrinsics cache-miss
396 silly fetch manifest es-define-property@^1.0.1
397 silly packumentCache full:https://registry.npmjs.org/es-define-property cache-miss
398 silly fetch manifest call-bind-apply-helpers@^1.0.2
399 silly packumentCache full:https://registry.npmjs.org/call-bind-apply-helpers cache-miss
400 http cache https://registry.npmjs.org/get-intrinsic 5ms (cache hit)
401 silly packumentCache full:https://registry.npmjs.org/get-intrinsic set size:60985 disposed:false
402 http fetch GET 200 https://registry.npmjs.org/gopd 48ms (cache miss)
403 silly packumentCache full:https://registry.npmjs.org/gopd set size:undefined disposed:false
404 http fetch GET 200 https://registry.npmjs.org/get-proto 49ms (cache miss)
405 silly packumentCache full:https://registry.npmjs.org/get-proto set size:undefined disposed:false
406 http fetch GET 200 https://registry.npmjs.org/call-bind-apply-helpers 54ms (cache miss)
407 silly packumentCache full:https://registry.npmjs.org/call-bind-apply-helpers set size:undefined disposed:false
408 http fetch GET 200 https://registry.npmjs.org/es-define-property 53ms (cache miss)
409 silly packumentCache full:https://registry.npmjs.org/es-define-property set size:undefined disposed:false
410 http fetch GET 200 https://registry.npmjs.org/hasown 54ms (cache miss)
411 silly packumentCache full:https://registry.npmjs.org/hasown set size:undefined disposed:false
412 http fetch GET 200 https://registry.npmjs.org/call-bind-apply-helpers 54ms (cache miss)
413 silly packumentCache full:https://registry.npmjs.org/call-bind-apply-helpers set size:undefined disposed:false
414 http fetch GET 200 https://registry.npmjs.org/has-symbols 55ms (cache miss)
415 silly packumentCache full:https://registry.npmjs.org/has-symbols set size:undefined disposed:false
416 http fetch GET 200 https://registry.npmjs.org/es-object-atoms 55ms (cache miss)
417 silly packumentCache full:https://registry.npmjs.org/es-object-atoms set size:undefined disposed:false
418 http fetch GET 200 https://registry.npmjs.org/function-bind 56ms (cache miss)
419 silly packumentCache full:https://registry.npmjs.org/function-bind set size:undefined disposed:false
420 http fetch GET 200 https://registry.npmjs.org/math-intrinsics 56ms (cache miss)
421 silly packumentCache full:https://registry.npmjs.org/math-intrinsics set size:undefined disposed:false
422 silly placeDep ROOT call-bind-apply-helpers@1.0.2 OK for: call-bound@1.0.4 want: ^1.0.2
423 silly placeDep ROOT function-bind@1.1.2 OK for: call-bind-apply-helpers@1.0.2 want: ^1.1.2
424 silly placeDep ROOT es-define-property@1.0.1 OK for: get-intrinsic@1.3.0 want: ^1.0.1
425 silly placeDep ROOT es-object-atoms@1.1.1 OK for: get-intrinsic@1.3.0 want: ^1.1.1
426 silly placeDep ROOT get-proto@1.0.1 OK for: get-intrinsic@1.3.0 want: ^1.0.1
427 silly placeDep ROOT gopd@1.2.0 OK for: get-intrinsic@1.3.0 want: ^1.2.0
428 silly placeDep ROOT has-symbols@1.1.0 OK for: get-intrinsic@1.3.0 want: ^1.1.0
429 silly placeDep ROOT hasown@2.0.2 OK for: get-intrinsic@1.3.0 want: ^2.0.2
430 silly placeDep ROOT math-intrinsics@1.1.0 OK for: get-intrinsic@1.3.0 want: ^1.1.0
431 silly fetch manifest dunder-proto@^1.0.1
432 silly packumentCache full:https://registry.npmjs.org/dunder-proto cache-miss
433 http fetch GET 200 https://registry.npmjs.org/dunder-proto 42ms (cache miss)
434 silly packumentCache full:https://registry.npmjs.org/dunder-proto set size:undefined disposed:false
435 silly placeDep ROOT dunder-proto@1.0.1 OK for: get-proto@1.0.1 want: ^1.0.1
436 silly placeDep ROOT base64id@2.0.0 OK for: socket.io@4.8.3 want: ~2.0.0
437 silly placeDep ROOT cors@2.8.6 OK for: socket.io@4.8.3 want: ~2.8.5
438 silly placeDep node_modules/socket.io debug@4.4.3 OK for: socket.io@4.8.3 want: ~4.4.1
439 silly placeDep ROOT engine.io@6.6.5 OK for: socket.io@4.8.3 want: ~6.6.0
440 silly placeDep ROOT socket.io-adapter@2.5.6 OK for: socket.io@4.8.3 want: ~2.5.2
441 silly placeDep ROOT socket.io-parser@4.2.5 OK for: socket.io@4.8.3 want: ~4.2.4
442 silly fetch manifest object-assign@^4
443 silly packumentCache full:https://registry.npmjs.org/object-assign cache-miss
444 silly fetch manifest ms@^2.1.3
445 silly packumentCache full:https://registry.npmjs.org/ms cache-miss
446 silly fetch manifest @types/cors@^2.8.12
447 silly packumentCache full:https://registry.npmjs.org/@types%2fcors cache-miss
448 silly fetch manifest @types/node@>=10.0.0
449 silly packumentCache full:https://registry.npmjs.org/@types%2fnode cache-miss
450 silly fetch manifest engine.io-parser@~5.2.1
451 silly packumentCache full:https://registry.npmjs.org/engine.io-parser cache-miss
452 silly fetch manifest ws@~8.18.3
453 silly packumentCache full:https://registry.npmjs.org/ws cache-miss
454 silly fetch manifest ws@~8.18.3
455 silly packumentCache full:https://registry.npmjs.org/ws cache-miss
456 silly fetch manifest @socket.io/component-emitter@~3.1.0
457 silly packumentCache full:https://registry.npmjs.org/@socket.io%2fcomponent-emitter cache-miss
458 http cache https://registry.npmjs.org/ms 4ms (cache hit)
459 silly packumentCache full:https://registry.npmjs.org/ms set size:92208 disposed:false
460 http fetch GET 200 https://registry.npmjs.org/object-assign 46ms (cache miss)
461 silly packumentCache full:https://registry.npmjs.org/object-assign set size:undefined disposed:false
462 http fetch GET 200 https://registry.npmjs.org/ws 50ms (cache miss)
463 silly packumentCache full:https://registry.npmjs.org/ws set size:undefined disposed:false
464 http fetch GET 200 https://registry.npmjs.org/engine.io-parser 54ms (cache miss)
465 silly packumentCache full:https://registry.npmjs.org/engine.io-parser set size:undefined disposed:false
466 http fetch GET 200 https://registry.npmjs.org/@types%2fcors 63ms (cache miss)
467 silly packumentCache full:https://registry.npmjs.org/@types%2fcors set size:undefined disposed:false
468 http fetch GET 200 https://registry.npmjs.org/@socket.io%2fcomponent-emitter 64ms (cache miss)
469 silly packumentCache full:https://registry.npmjs.org/@socket.io%2fcomponent-emitter set size:undefined disposed:false
470 http fetch GET 200 https://registry.npmjs.org/ws 94ms (cache miss)
471 silly packumentCache full:https://registry.npmjs.org/ws set size:undefined disposed:false
472 http fetch GET 200 https://registry.npmjs.org/@types%2fnode 197ms (cache miss)
473 silly packumentCache full:https://registry.npmjs.org/@types%2fnode set size:undefined disposed:false
474 silly placeDep ROOT object-assign@4.1.1 OK for: cors@2.8.6 want: ^4
475 silly fetch manifest bufferutil@^4.0.1
476 silly packumentCache full:https://registry.npmjs.org/bufferutil cache-miss
477 http fetch GET 200 https://registry.npmjs.org/bufferutil 44ms (cache miss)
478 silly packumentCache full:https://registry.npmjs.org/bufferutil set size:undefined disposed:false
479 silly fetch manifest utf-8-validate@>=5.0.2
480 silly packumentCache full:https://registry.npmjs.org/utf-8-validate cache-miss
481 http fetch GET 200 https://registry.npmjs.org/utf-8-validate 120ms (cache miss)
482 silly packumentCache full:https://registry.npmjs.org/utf-8-validate set size:undefined disposed:false
483 silly placeDep ROOT @types/cors@2.8.19 OK for: engine.io@6.6.5 want: ^2.8.12
484 silly placeDep ROOT @types/node@25.2.3 OK for: engine.io@6.6.5 want: >=10.0.0
485 silly placeDep node_modules/engine.io debug@4.4.3 OK for: engine.io@6.6.5 want: ~4.4.1
486 silly placeDep ROOT engine.io-parser@5.2.3 OK for: engine.io@6.6.5 want: ~5.2.1
487 silly placeDep ROOT ws@8.18.3 OK for: engine.io@6.6.5 want: ~8.18.3
488 silly fetch manifest @types/node@*
489 silly packumentCache full:https://registry.npmjs.org/@types%2fnode cache-miss
490 silly fetch manifest undici-types@~7.16.0
491 silly packumentCache full:https://registry.npmjs.org/undici-types cache-miss
492 http cache https://registry.npmjs.org/@types%2fnode 15ms (cache hit)
493 silly packumentCache full:https://registry.npmjs.org/@types%2fnode set size:10858893 disposed:false
494 http fetch GET 200 https://registry.npmjs.org/undici-types 62ms (cache miss)
495 silly packumentCache full:https://registry.npmjs.org/undici-types set size:undefined disposed:false
496 silly placeDep ROOT undici-types@7.16.0 OK for: @types/node@25.2.3 want: ~7.16.0
497 silly placeDep node_modules/socket.io-adapter debug@4.4.3 OK for: socket.io-adapter@2.5.6 want: ~4.4.1
498 silly placeDep ROOT @socket.io/component-emitter@3.1.2 OK for: socket.io-parser@4.2.5 want: ~3.1.0
499 silly placeDep node_modules/socket.io-parser debug@4.4.3 OK for: socket.io-parser@4.2.5 want: ~4.4.1
500 silly placeDep ROOT media-typer@0.3.0 OK for: type-is@1.6.18 want: 0.3.0
501 silly placeDep node_modules/engine.io ms@2.1.3 OK for: debug@4.4.3 want: ^2.1.3
502 silly placeDep node_modules/socket.io-adapter ms@2.1.3 OK for: debug@4.4.3 want: ^2.1.3
503 silly placeDep node_modules/socket.io-parser ms@2.1.3 OK for: debug@4.4.3 want: ^2.1.3
504 silly placeDep node_modules/socket.io ms@2.1.3 OK for: debug@4.4.3 want: ^2.1.3
505 silly reify moves {}
506 silly audit bulk request {
506 silly audit   express: [ '4.22.1' ],
506 silly audit   'socket.io': [ '4.8.3' ],
506 silly audit   accepts: [ '1.3.8' ],
506 silly audit   'array-flatten': [ '1.1.1' ],
506 silly audit   'body-parser': [ '1.20.4' ],
506 silly audit   'content-disposition': [ '0.5.4' ],
506 silly audit   'content-type': [ '1.0.5' ],
506 silly audit   cookie: [ '0.7.2' ],
506 silly audit   'cookie-signature': [ '1.0.7' ],
506 silly audit   debug: [ '2.6.9', '4.4.3' ],
506 silly audit   depd: [ '2.0.0' ],
506 silly audit   encodeurl: [ '2.0.0' ],
506 silly audit   'escape-html': [ '1.0.3' ],
506 silly audit   etag: [ '1.8.1' ],
506 silly audit   finalhandler: [ '1.3.2' ],
506 silly audit   fresh: [ '0.5.2' ],
506 silly audit   'http-errors': [ '2.0.1' ],
506 silly audit   'merge-descriptors': [ '1.0.3' ],
506 silly audit   methods: [ '1.1.2' ],
506 silly audit   'on-finished': [ '2.4.1' ],
506 silly audit   parseurl: [ '1.3.3' ],
506 silly audit   'path-to-regexp': [ '0.1.12' ],
506 silly audit   'proxy-addr': [ '2.0.7' ],
506 silly audit   qs: [ '6.14.2' ],
506 silly audit   'range-parser': [ '1.2.1' ],
506 silly audit   'safe-buffer': [ '5.2.1' ],
506 silly audit   send: [ '0.19.2' ],
506 silly audit   'serve-static': [ '1.16.3' ],
506 silly audit   setprototypeof: [ '1.2.0' ],
506 silly audit   statuses: [ '2.0.2' ],
506 silly audit   'type-is': [ '1.6.18' ],
506 silly audit   'utils-merge': [ '1.0.1' ],
506 silly audit   vary: [ '1.1.2' ],
506 silly audit   'mime-types': [ '2.1.35' ],
506 silly audit   negotiator: [ '0.6.3' ],
506 silly audit   bytes: [ '3.1.2' ],
506 silly audit   destroy: [ '1.2.0' ],
506 silly audit   'iconv-lite': [ '0.4.24' ],
506 silly audit   'raw-body': [ '2.5.3' ],
506 silly audit   unpipe: [ '1.0.0' ],
506 silly audit   ms: [ '2.0.0', '2.1.3' ],
506 silly audit   inherits: [ '2.0.4' ],
506 silly audit   toidentifier: [ '1.0.1' ],
506 silly audit   'safer-buffer': [ '2.1.2' ],
506 silly audit   'mime-db': [ '1.52.0' ],
506 silly audit   'ee-first': [ '1.1.1' ],
506 silly audit   forwarded: [ '0.2.0' ],
506 silly audit   'ipaddr.js': [ '1.9.1' ],
506 silly audit   'side-channel': [ '1.1.0' ],
506 silly audit   mime: [ '1.6.0' ],
506 silly audit   'es-errors': [ '1.3.0' ],
506 silly audit   'object-inspect': [ '1.13.4' ],
506 silly audit   'side-channel-list': [ '1.0.0' ],
506 silly audit   'side-channel-map': [ '1.0.1' ],
506 silly audit   'side-channel-weakmap': [ '1.0.2' ],
506 silly audit   'call-bound': [ '1.0.4' ],
506 silly audit   'get-intrinsic': [ '1.3.0' ],
506 silly audit   'call-bind-apply-helpers': [ '1.0.2' ],
506 silly audit   'function-bind': [ '1.1.2' ],
506 silly audit   'es-define-property': [ '1.0.1' ],
506 silly audit   'es-object-atoms': [ '1.1.1' ],
506 silly audit   'get-proto': [ '1.0.1' ],
506 silly audit   gopd: [ '1.2.0' ],
506 silly audit   'has-symbols': [ '1.1.0' ],
506 silly audit   hasown: [ '2.0.2' ],
506 silly audit   'math-intrinsics': [ '1.1.0' ],
506 silly audit   'dunder-proto': [ '1.0.1' ],
506 silly audit   base64id: [ '2.0.0' ],
506 silly audit   cors: [ '2.8.6' ],
506 silly audit   'engine.io': [ '6.6.5' ],
506 silly audit   'socket.io-adapter': [ '2.5.6' ],
506 silly audit   'socket.io-parser': [ '4.2.5' ],
506 silly audit   'object-assign': [ '4.1.1' ],
506 silly audit   '@types/cors': [ '2.8.19' ],
506 silly audit   '@types/node': [ '25.2.3' ],
506 silly audit   'engine.io-parser': [ '5.2.3' ],
506 silly audit   ws: [ '8.18.3' ],
506 silly audit   'undici-types': [ '7.16.0' ],
506 silly audit   '@socket.io/component-emitter': [ '3.1.2' ],
506 silly audit   'media-typer': [ '0.3.0' ]
506 silly audit }
507 http cache media-typer@https://registry.npmjs.org/media-typer/-/media-typer-0.3.0.tgz 0ms (cache hit)
508 http cache @socket.io/component-emitter@https://registry.npmjs.org/@socket.io/component-emitter/-/component-emitter-3.1.2.tgz 0ms (cache hit)
509 http cache ws@https://registry.npmjs.org/ws/-/ws-8.18.3.tgz 0ms (cache hit)
510 http cache @types/node@https://registry.npmjs.org/@types/node/-/node-25.2.3.tgz 0ms (cache hit)
511 http cache engine.io-parser@https://registry.npmjs.org/engine.io-parser/-/engine.io-parser-5.2.3.tgz 0ms (cache hit)
512 http cache undici-types@https://registry.npmjs.org/undici-types/-/undici-types-7.16.0.tgz 0ms (cache hit)
513 http cache object-assign@https://registry.npmjs.org/object-assign/-/object-assign-4.1.1.tgz 0ms (cache hit)
514 http cache socket.io-parser@https://registry.npmjs.org/socket.io-parser/-/socket.io-parser-4.2.5.tgz 0ms (cache hit)
515 http cache socket.io-adapter@https://registry.npmjs.org/socket.io-adapter/-/socket.io-adapter-2.5.6.tgz 0ms (cache hit)
516 http cache @types/cors@https://registry.npmjs.org/@types/cors/-/cors-2.8.19.tgz 0ms (cache hit)
517 http cache cors@https://registry.npmjs.org/cors/-/cors-2.8.6.tgz 0ms (cache hit)
518 http cache engine.io@https://registry.npmjs.org/engine.io/-/engine.io-6.6.5.tgz 0ms (cache hit)
519 http cache base64id@https://registry.npmjs.org/base64id/-/base64id-2.0.0.tgz 0ms (cache hit)
520 http cache hasown@https://registry.npmjs.org/hasown/-/hasown-2.0.2.tgz 0ms (cache hit)
521 http cache has-symbols@https://registry.npmjs.org/has-symbols/-/has-symbols-1.1.0.tgz 0ms (cache hit)
522 http cache gopd@https://registry.npmjs.org/gopd/-/gopd-1.2.0.tgz 0ms (cache hit)
523 http cache get-proto@https://registry.npmjs.org/get-proto/-/get-proto-1.0.1.tgz 0ms (cache hit)
524 http cache math-intrinsics@https://registry.npmjs.org/math-intrinsics/-/math-intrinsics-1.1.0.tgz 0ms (cache hit)
525 http cache es-object-atoms@https://registry.npmjs.org/es-object-atoms/-/es-object-atoms-1.1.1.tgz 0ms (cache hit)
526 http cache dunder-proto@https://registry.npmjs.org/dunder-proto/-/dunder-proto-1.0.1.tgz 0ms (cache hit)
527 http cache es-define-property@https://registry.npmjs.org/es-define-property/-/es-define-property-1.0.1.tgz 0ms (cache hit)
528 http cache function-bind@https://registry.npmjs.org/function-bind/-/function-bind-1.1.2.tgz 0ms (cache hit)
529 http cache call-bind-apply-helpers@https://registry.npmjs.org/call-bind-apply-helpers/-/call-bind-apply-helpers-1.0.2.tgz 0ms (cache hit)
530 http cache call-bound@https://registry.npmjs.org/call-bound/-/call-bound-1.0.4.tgz 0ms (cache hit)
531 http cache get-intrinsic@https://registry.npmjs.org/get-intrinsic/-/get-intrinsic-1.3.0.tgz 0ms (cache hit)
532 http cache side-channel-weakmap@https://registry.npmjs.org/side-channel-weakmap/-/side-channel-weakmap-1.0.2.tgz 0ms (cache hit)
533 http cache side-channel-map@https://registry.npmjs.org/side-channel-map/-/side-channel-map-1.0.1.tgz 0ms (cache hit)
534 http cache side-channel-list@https://registry.npmjs.org/side-channel-list/-/side-channel-list-1.0.0.tgz 0ms (cache hit)
535 http cache object-inspect@https://registry.npmjs.org/object-inspect/-/object-inspect-1.13.4.tgz 0ms (cache hit)
536 http cache es-errors@https://registry.npmjs.org/es-errors/-/es-errors-1.3.0.tgz 0ms (cache hit)
537 http cache mime@https://registry.npmjs.org/mime/-/mime-1.6.0.tgz 0ms (cache hit)
538 http cache forwarded@https://registry.npmjs.org/forwarded/-/forwarded-0.2.0.tgz 0ms (cache hit)
539 http cache ipaddr.js@https://registry.npmjs.org/ipaddr.js/-/ipaddr.js-1.9.1.tgz 0ms (cache hit)
540 http cache side-channel@https://registry.npmjs.org/side-channel/-/side-channel-1.1.0.tgz 0ms (cache hit)
541 http cache mime-db@https://registry.npmjs.org/mime-db/-/mime-db-1.52.0.tgz 0ms (cache hit)
542 http cache ee-first@https://registry.npmjs.org/ee-first/-/ee-first-1.1.1.tgz 0ms (cache hit)
543 http cache safer-buffer@https://registry.npmjs.org/safer-buffer/-/safer-buffer-2.1.2.tgz 0ms (cache hit)
544 http cache toidentifier@https://registry.npmjs.org/toidentifier/-/toidentifier-1.0.1.tgz 0ms (cache hit)
545 http cache inherits@https://registry.npmjs.org/inherits/-/inherits-2.0.4.tgz 0ms (cache hit)
546 http cache ms@https://registry.npmjs.org/ms/-/ms-2.0.0.tgz 0ms (cache hit)
547 http cache unpipe@https://registry.npmjs.org/unpipe/-/unpipe-1.0.0.tgz 0ms (cache hit)
548 http cache iconv-lite@https://registry.npmjs.org/iconv-lite/-/iconv-lite-0.4.24.tgz 0ms (cache hit)
549 http cache raw-body@https://registry.npmjs.org/raw-body/-/raw-body-2.5.3.tgz 0ms (cache hit)
550 http cache destroy@https://registry.npmjs.org/destroy/-/destroy-1.2.0.tgz 0ms (cache hit)
551 http cache bytes@https://registry.npmjs.org/bytes/-/bytes-3.1.2.tgz 0ms (cache hit)
552 http cache negotiator@https://registry.npmjs.org/negotiator/-/negotiator-0.6.3.tgz 0ms (cache hit)
553 http cache mime-types@https://registry.npmjs.org/mime-types/-/mime-types-2.1.35.tgz 0ms (cache hit)
554 http cache utils-merge@https://registry.npmjs.org/utils-merge/-/utils-merge-1.0.1.tgz 0ms (cache hit)
555 http cache vary@https://registry.npmjs.org/vary/-/vary-1.1.2.tgz 0ms (cache hit)
556 http cache type-is@https://registry.npmjs.org/type-is/-/type-is-1.6.18.tgz 0ms (cache hit)
557 http cache statuses@https://registry.npmjs.org/statuses/-/statuses-2.0.2.tgz 0ms (cache hit)
558 http cache setprototypeof@https://registry.npmjs.org/setprototypeof/-/setprototypeof-1.2.0.tgz 0ms (cache hit)
559 http cache serve-static@https://registry.npmjs.org/serve-static/-/serve-static-1.16.3.tgz 0ms (cache hit)
560 http cache safe-buffer@https://registry.npmjs.org/safe-buffer/-/safe-buffer-5.2.1.tgz 1ms (cache hit)
561 http cache range-parser@https://registry.npmjs.org/range-parser/-/range-parser-1.2.1.tgz 0ms (cache hit)
562 http cache send@https://registry.npmjs.org/send/-/send-0.19.2.tgz 0ms (cache hit)
563 http cache qs@https://registry.npmjs.org/qs/-/qs-6.14.2.tgz 0ms (cache hit)
564 http cache path-to-regexp@https://registry.npmjs.org/path-to-regexp/-/path-to-regexp-0.1.12.tgz 0ms (cache hit)
565 http cache proxy-addr@https://registry.npmjs.org/proxy-addr/-/proxy-addr-2.0.7.tgz 0ms (cache hit)
566 http cache parseurl@https://registry.npmjs.org/parseurl/-/parseurl-1.3.3.tgz 0ms (cache hit)
567 http cache on-finished@https://registry.npmjs.org/on-finished/-/on-finished-2.4.1.tgz 0ms (cache hit)
568 http cache methods@https://registry.npmjs.org/methods/-/methods-1.1.2.tgz 0ms (cache hit)
569 http cache merge-descriptors@https://registry.npmjs.org/merge-descriptors/-/merge-descriptors-1.0.3.tgz 0ms (cache hit)
570 http cache http-errors@https://registry.npmjs.org/http-errors/-/http-errors-2.0.1.tgz 0ms (cache hit)
571 http cache fresh@https://registry.npmjs.org/fresh/-/fresh-0.5.2.tgz 0ms (cache hit)
572 http cache finalhandler@https://registry.npmjs.org/finalhandler/-/finalhandler-1.3.2.tgz 0ms (cache hit)
573 http cache etag@https://registry.npmjs.org/etag/-/etag-1.8.1.tgz 0ms (cache hit)
574 http cache escape-html@https://registry.npmjs.org/escape-html/-/escape-html-1.0.3.tgz 0ms (cache hit)
575 http cache encodeurl@https://registry.npmjs.org/encodeurl/-/encodeurl-2.0.0.tgz 0ms (cache hit)
576 http cache depd@https://registry.npmjs.org/depd/-/depd-2.0.0.tgz 0ms (cache hit)
577 http cache debug@https://registry.npmjs.org/debug/-/debug-2.6.9.tgz 0ms (cache hit)
578 http cache cookie-signature@https://registry.npmjs.org/cookie-signature/-/cookie-signature-1.0.7.tgz 0ms (cache hit)
579 http cache cookie@https://registry.npmjs.org/cookie/-/cookie-0.7.2.tgz 0ms (cache hit)
580 http cache content-type@https://registry.npmjs.org/content-type/-/content-type-1.0.5.tgz 0ms (cache hit)
581 http cache content-disposition@https://registry.npmjs.org/content-disposition/-/content-disposition-0.5.4.tgz 0ms (cache hit)
582 http cache array-flatten@https://registry.npmjs.org/array-flatten/-/array-flatten-1.1.1.tgz 0ms (cache hit)
583 http cache accepts@https://registry.npmjs.org/accepts/-/accepts-1.3.8.tgz 0ms (cache hit)
584 http cache socket.io@https://registry.npmjs.org/socket.io/-/socket.io-4.8.3.tgz 0ms (cache hit)
585 http cache express@https://registry.npmjs.org/express/-/express-4.22.1.tgz 0ms (cache hit)
586 http cache ms@https://registry.npmjs.org/ms/-/ms-2.1.3.tgz 0ms (cache hit)
587 http cache debug@https://registry.npmjs.org/debug/-/debug-4.4.3.tgz 0ms (cache hit)
588 http cache debug@https://registry.npmjs.org/debug/-/debug-4.4.3.tgz 0ms (cache hit)
589 http cache ms@https://registry.npmjs.org/ms/-/ms-2.1.3.tgz 0ms (cache hit)
590 http cache ms@https://registry.npmjs.org/ms/-/ms-2.1.3.tgz 0ms (cache hit)
591 http cache body-parser@https://registry.npmjs.org/body-parser/-/body-parser-1.20.4.tgz 0ms (cache hit)
592 http cache ms@https://registry.npmjs.org/ms/-/ms-2.1.3.tgz 0ms (cache hit)
593 http cache debug@https://registry.npmjs.org/debug/-/debug-4.4.3.tgz 0ms (cache hit)
594 http cache ms@https://registry.npmjs.org/ms/-/ms-2.1.3.tgz 0ms (cache hit)
595 http cache debug@https://registry.npmjs.org/debug/-/debug-4.4.3.tgz 0ms (cache hit)
596 silly tarball no local data for media-typer@https://registry.npmjs.org/media-typer/-/media-typer-0.3.0.tgz. Extracting by manifest.
597 silly tarball no local data for @socket.io/component-emitter@https://registry.npmjs.org/@socket.io/component-emitter/-/component-emitter-3.1.2.tgz. Extracting by manifest.
598 silly tarball no local data for ws@https://registry.npmjs.org/ws/-/ws-8.18.3.tgz. Extracting by manifest.
599 silly tarball no local data for @types/node@https://registry.npmjs.org/@types/node/-/node-25.2.3.tgz. Extracting by manifest.
600 silly tarball no local data for engine.io-parser@https://registry.npmjs.org/engine.io-parser/-/engine.io-parser-5.2.3.tgz. Extracting by manifest.
601 silly tarball no local data for undici-types@https://registry.npmjs.org/undici-types/-/undici-types-7.16.0.tgz. Extracting by manifest.
602 silly tarball no local data for object-assign@https://registry.npmjs.org/object-assign/-/object-assign-4.1.1.tgz. Extracting by manifest.
603 silly tarball no local data for socket.io-parser@https://registry.npmjs.org/socket.io-parser/-/socket.io-parser-4.2.5.tgz. Extracting by manifest.
604 silly tarball no local data for socket.io-adapter@https://registry.npmjs.org/socket.io-adapter/-/socket.io-adapter-2.5.6.tgz. Extracting by manifest.
605 silly tarball no local data for @types/cors@https://registry.npmjs.org/@types/cors/-/cors-2.8.19.tgz. Extracting by manifest.
606 silly tarball no local data for cors@https://registry.npmjs.org/cors/-/cors-2.8.6.tgz. Extracting by manifest.
607 silly tarball no local data for engine.io@https://registry.npmjs.org/engine.io/-/engine.io-6.6.5.tgz. Extracting by manifest.
608 silly tarball no local data for base64id@https://registry.npmjs.org/base64id/-/base64id-2.0.0.tgz. Extracting by manifest.
609 silly tarball no local data for hasown@https://registry.npmjs.org/hasown/-/hasown-2.0.2.tgz. Extracting by manifest.
610 silly tarball no local data for has-symbols@https://registry.npmjs.org/has-symbols/-/has-symbols-1.1.0.tgz. Extracting by manifest.
611 silly tarball no local data for gopd@https://registry.npmjs.org/gopd/-/gopd-1.2.0.tgz. Extracting by manifest.
612 silly tarball no local data for get-proto@https://registry.npmjs.org/get-proto/-/get-proto-1.0.1.tgz. Extracting by manifest.
613 silly tarball no local data for math-intrinsics@https://registry.npmjs.org/math-intrinsics/-/math-intrinsics-1.1.0.tgz. Extracting by manifest.
614 silly tarball no local data for es-object-atoms@https://registry.npmjs.org/es-object-atoms/-/es-object-atoms-1.1.1.tgz. Extracting by manifest.
615 silly tarball no local data for dunder-proto@https://registry.npmjs.org/dunder-proto/-/dunder-proto-1.0.1.tgz. Extracting by manifest.
616 silly tarball no local data for es-define-property@https://registry.npmjs.org/es-define-property/-/es-define-property-1.0.1.tgz. Extracting by manifest.
617 silly tarball no local data for function-bind@https://registry.npmjs.org/function-bind/-/function-bind-1.1.2.tgz. Extracting by manifest.
618 silly tarball no local data for call-bind-apply-helpers@https://registry.npmjs.org/call-bind-apply-helpers/-/call-bind-apply-helpers-1.0.2.tgz. Extracting by manifest.
619 silly tarball no local data for call-bound@https://registry.npmjs.org/call-bound/-/call-bound-1.0.4.tgz. Extracting by manifest.
620 silly tarball no local data for get-intrinsic@https://registry.npmjs.org/get-intrinsic/-/get-intrinsic-1.3.0.tgz. Extracting by manifest.
621 silly tarball no local data for side-channel-weakmap@https://registry.npmjs.org/side-channel-weakmap/-/side-channel-weakmap-1.0.2.tgz. Extracting by manifest.
622 silly tarball no local data for side-channel-map@https://registry.npmjs.org/side-channel-map/-/side-channel-map-1.0.1.tgz. Extracting by manifest.
623 silly tarball no local data for side-channel-list@https://registry.npmjs.org/side-channel-list/-/side-channel-list-1.0.0.tgz. Extracting by manifest.
624 silly tarball no local data for object-inspect@https://registry.npmjs.org/object-inspect/-/object-inspect-1.13.4.tgz. Extracting by manifest.
625 silly tarball no local data for es-errors@https://registry.npmjs.org/es-errors/-/es-errors-1.3.0.tgz. Extracting by manifest.
626 silly tarball no local data for mime@https://registry.npmjs.org/mime/-/mime-1.6.0.tgz. Extracting by manifest.
627 silly tarball no local data for forwarded@https://registry.npmjs.org/forwarded/-/forwarded-0.2.0.tgz. Extracting by manifest.
628 silly tarball no local data for ipaddr.js@https://registry.npmjs.org/ipaddr.js/-/ipaddr.js-1.9.1.tgz. Extracting by manifest.
629 silly tarball no local data for side-channel@https://registry.npmjs.org/side-channel/-/side-channel-1.1.0.tgz. Extracting by manifest.
630 silly tarball no local data for mime-db@https://registry.npmjs.org/mime-db/-/mime-db-1.52.0.tgz. Extracting by manifest.
631 silly tarball no local data for ee-first@https://registry.npmjs.org/ee-first/-/ee-first-1.1.1.tgz. Extracting by manifest.
632 silly tarball no local data for safer-buffer@https://registry.npmjs.org/safer-buffer/-/safer-buffer-2.1.2.tgz. Extracting by manifest.
633 silly tarball no local data for toidentifier@https://registry.npmjs.org/toidentifier/-/toidentifier-1.0.1.tgz. Extracting by manifest.
634 silly tarball no local data for inherits@https://registry.npmjs.org/inherits/-/inherits-2.0.4.tgz. Extracting by manifest.
635 silly tarball no local data for ms@https://registry.npmjs.org/ms/-/ms-2.0.0.tgz. Extracting by manifest.
636 silly tarball no local data for unpipe@https://registry.npmjs.org/unpipe/-/unpipe-1.0.0.tgz. Extracting by manifest.
637 silly tarball no local data for iconv-lite@https://registry.npmjs.org/iconv-lite/-/iconv-lite-0.4.24.tgz. Extracting by manifest.
638 silly tarball no local data for raw-body@https://registry.npmjs.org/raw-body/-/raw-body-2.5.3.tgz. Extracting by manifest.
639 silly tarball no local data for destroy@https://registry.npmjs.org/destroy/-/destroy-1.2.0.tgz. Extracting by manifest.
640 silly tarball no local data for bytes@https://registry.npmjs.org/bytes/-/bytes-3.1.2.tgz. Extracting by manifest.
641 silly tarball no local data for negotiator@https://registry.npmjs.org/negotiator/-/negotiator-0.6.3.tgz. Extracting by manifest.
642 silly tarball no local data for mime-types@https://registry.npmjs.org/mime-types/-/mime-types-2.1.35.tgz. Extracting by manifest.
643 silly tarball no local data for utils-merge@https://registry.npmjs.org/utils-merge/-/utils-merge-1.0.1.tgz. Extracting by manifest.
644 silly tarball no local data for vary@https://registry.npmjs.org/vary/-/vary-1.1.2.tgz. Extracting by manifest.
645 silly tarball no local data for type-is@https://registry.npmjs.org/type-is/-/type-is-1.6.18.tgz. Extracting by manifest.
646 silly tarball no local data for statuses@https://registry.npmjs.org/statuses/-/statuses-2.0.2.tgz. Extracting by manifest.
647 silly tarball no local data for setprototypeof@https://registry.npmjs.org/setprototypeof/-/setprototypeof-1.2.0.tgz. Extracting by manifest.
648 silly tarball no local data for serve-static@https://registry.npmjs.org/serve-static/-/serve-static-1.16.3.tgz. Extracting by manifest.
649 silly tarball no local data for safe-buffer@https://registry.npmjs.org/safe-buffer/-/safe-buffer-5.2.1.tgz. Extracting by manifest.
650 silly tarball no local data for range-parser@https://registry.npmjs.org/range-parser/-/range-parser-1.2.1.tgz. Extracting by manifest.
651 silly tarball no local data for send@https://registry.npmjs.org/send/-/send-0.19.2.tgz. Extracting by manifest.
652 silly tarball no local data for qs@https://registry.npmjs.org/qs/-/qs-6.14.2.tgz. Extracting by manifest.
653 silly tarball no local data for path-to-regexp@https://registry.npmjs.org/path-to-regexp/-/path-to-regexp-0.1.12.tgz. Extracting by manifest.
654 silly tarball no local data for proxy-addr@https://registry.npmjs.org/proxy-addr/-/proxy-addr-2.0.7.tgz. Extracting by manifest.
655 silly tarball no local data for parseurl@https://registry.npmjs.org/parseurl/-/parseurl-1.3.3.tgz. Extracting by manifest.
656 silly tarball no local data for on-finished@https://registry.npmjs.org/on-finished/-/on-finished-2.4.1.tgz. Extracting by manifest.
657 silly tarball no local data for methods@https://registry.npmjs.org/methods/-/methods-1.1.2.tgz. Extracting by manifest.
658 silly tarball no local data for merge-descriptors@https://registry.npmjs.org/merge-descriptors/-/merge-descriptors-1.0.3.tgz. Extracting by manifest.
659 silly tarball no local data for http-errors@https://registry.npmjs.org/http-errors/-/http-errors-2.0.1.tgz. Extracting by manifest.
660 silly tarball no local data for fresh@https://registry.npmjs.org/fresh/-/fresh-0.5.2.tgz. Extracting by manifest.
661 silly tarball no local data for finalhandler@https://registry.npmjs.org/finalhandler/-/finalhandler-1.3.2.tgz. Extracting by manifest.
662 silly tarball no local data for etag@https://registry.npmjs.org/etag/-/etag-1.8.1.tgz. Extracting by manifest.
663 silly tarball no local data for escape-html@https://registry.npmjs.org/escape-html/-/escape-html-1.0.3.tgz. Extracting by manifest.
664 silly tarball no local data for encodeurl@https://registry.npmjs.org/encodeurl/-/encodeurl-2.0.0.tgz. Extracting by manifest.
665 silly tarball no local data for depd@https://registry.npmjs.org/depd/-/depd-2.0.0.tgz. Extracting by manifest.
666 silly tarball no local data for debug@https://registry.npmjs.org/debug/-/debug-2.6.9.tgz. Extracting by manifest.
667 silly tarball no local data for cookie-signature@https://registry.npmjs.org/cookie-signature/-/cookie-signature-1.0.7.tgz. Extracting by manifest.
668 silly tarball no local data for cookie@https://registry.npmjs.org/cookie/-/cookie-0.7.2.tgz. Extracting by manifest.
669 silly tarball no local data for content-type@https://registry.npmjs.org/content-type/-/content-type-1.0.5.tgz. Extracting by manifest.
670 silly tarball no local data for content-disposition@https://registry.npmjs.org/content-disposition/-/content-disposition-0.5.4.tgz. Extracting by manifest.
671 silly tarball no local data for array-flatten@https://registry.npmjs.org/array-flatten/-/array-flatten-1.1.1.tgz. Extracting by manifest.
672 silly tarball no local data for accepts@https://registry.npmjs.org/accepts/-/accepts-1.3.8.tgz. Extracting by manifest.
673 silly tarball no local data for socket.io@https://registry.npmjs.org/socket.io/-/socket.io-4.8.3.tgz. Extracting by manifest.
674 silly tarball no local data for express@https://registry.npmjs.org/express/-/express-4.22.1.tgz. Extracting by manifest.
675 silly tarball no local data for ms@https://registry.npmjs.org/ms/-/ms-2.1.3.tgz. Extracting by manifest.
676 silly tarball no local data for debug@https://registry.npmjs.org/debug/-/debug-4.4.3.tgz. Extracting by manifest.
677 silly tarball no local data for debug@https://registry.npmjs.org/debug/-/debug-4.4.3.tgz. Extracting by manifest.
678 silly tarball no local data for ms@https://registry.npmjs.org/ms/-/ms-2.1.3.tgz. Extracting by manifest.
679 silly tarball no local data for ms@https://registry.npmjs.org/ms/-/ms-2.1.3.tgz. Extracting by manifest.
680 silly tarball no local data for body-parser@https://registry.npmjs.org/body-parser/-/body-parser-1.20.4.tgz. Extracting by manifest.
681 silly tarball no local data for ms@https://registry.npmjs.org/ms/-/ms-2.1.3.tgz. Extracting by manifest.
682 silly tarball no local data for debug@https://registry.npmjs.org/debug/-/debug-4.4.3.tgz. Extracting by manifest.
683 silly tarball no local data for ms@https://registry.npmjs.org/ms/-/ms-2.1.3.tgz. Extracting by manifest.
684 silly tarball no local data for debug@https://registry.npmjs.org/debug/-/debug-4.4.3.tgz. Extracting by manifest.
685 http fetch GET 200 https://registry.npmjs.org/base64id/-/base64id-2.0.0.tgz 67ms (cache miss)
686 http fetch GET 200 https://registry.npmjs.org/hasown/-/hasown-2.0.2.tgz 68ms (cache miss)
687 http fetch GET 200 https://registry.npmjs.org/@types/cors/-/cors-2.8.19.tgz 70ms (cache miss)
688 http fetch GET 200 https://registry.npmjs.org/media-typer/-/media-typer-0.3.0.tgz 72ms (cache miss)
689 http fetch GET 200 https://registry.npmjs.org/cors/-/cors-2.8.6.tgz 71ms (cache miss)
690 http fetch GET 200 https://registry.npmjs.org/socket.io-adapter/-/socket.io-adapter-2.5.6.tgz 71ms (cache miss)
691 http fetch GET 200 https://registry.npmjs.org/object-assign/-/object-assign-4.1.1.tgz 72ms (cache miss)
692 http fetch GET 200 https://registry.npmjs.org/socket.io-parser/-/socket.io-parser-4.2.5.tgz 76ms (cache miss)
693 http fetch GET 200 https://registry.npmjs.org/ws/-/ws-8.18.3.tgz 77ms (cache miss)
694 http fetch GET 200 https://registry.npmjs.org/engine.io-parser/-/engine.io-parser-5.2.3.tgz 78ms (cache miss)
695 http fetch GET 200 https://registry.npmjs.org/@socket.io/component-emitter/-/component-emitter-3.1.2.tgz 79ms (cache miss)
696 http fetch GET 200 https://registry.npmjs.org/engine.io/-/engine.io-6.6.5.tgz 79ms (cache miss)
697 http fetch GET 200 https://registry.npmjs.org/undici-types/-/undici-types-7.16.0.tgz 80ms (cache miss)
698 http fetch GET 200 https://registry.npmjs.org/gopd/-/gopd-1.2.0.tgz 95ms (cache miss)
699 http fetch GET 200 https://registry.npmjs.org/es-object-atoms/-/es-object-atoms-1.1.1.tgz 99ms (cache miss)
700 http fetch GET 200 https://registry.npmjs.org/has-symbols/-/has-symbols-1.1.0.tgz 100ms (cache miss)
701 http fetch GET 200 https://registry.npmjs.org/@types/node/-/node-25.2.3.tgz 103ms (cache miss)
702 http fetch GET 200 https://registry.npmjs.org/math-intrinsics/-/math-intrinsics-1.1.0.tgz 102ms (cache miss)
703 http fetch GET 200 https://registry.npmjs.org/es-define-property/-/es-define-property-1.0.1.tgz 103ms (cache miss)
704 http fetch GET 200 https://registry.npmjs.org/dunder-proto/-/dunder-proto-1.0.1.tgz 108ms (cache miss)
705 http fetch GET 200 https://registry.npmjs.org/call-bind-apply-helpers/-/call-bind-apply-helpers-1.0.2.tgz 109ms (cache miss)
706 http fetch GET 200 https://registry.npmjs.org/side-channel-weakmap/-/side-channel-weakmap-1.0.2.tgz 112ms (cache miss)
707 http fetch GET 200 https://registry.npmjs.org/function-bind/-/function-bind-1.1.2.tgz 113ms (cache miss)
708 http fetch GET 200 https://registry.npmjs.org/get-proto/-/get-proto-1.0.1.tgz 117ms (cache miss)
709 http fetch GET 200 https://registry.npmjs.org/side-channel-map/-/side-channel-map-1.0.1.tgz 119ms (cache miss)
710 http fetch GET 200 https://registry.npmjs.org/get-intrinsic/-/get-intrinsic-1.3.0.tgz 125ms (cache miss)
711 http fetch GET 200 https://registry.npmjs.org/call-bound/-/call-bound-1.0.4.tgz 125ms (cache miss)
712 http fetch GET 200 https://registry.npmjs.org/side-channel-list/-/side-channel-list-1.0.0.tgz 127ms (cache miss)
713 http fetch GET 200 https://registry.npmjs.org/es-errors/-/es-errors-1.3.0.tgz 135ms (cache miss)
714 http fetch GET 200 https://registry.npmjs.org/forwarded/-/forwarded-0.2.0.tgz 139ms (cache miss)
715 http fetch GET 200 https://registry.npmjs.org/ipaddr.js/-/ipaddr.js-1.9.1.tgz 144ms (cache miss)
716 http fetch GET 200 https://registry.npmjs.org/safer-buffer/-/safer-buffer-2.1.2.tgz 150ms (cache miss)
717 http fetch GET 200 https://registry.npmjs.org/object-inspect/-/object-inspect-1.13.4.tgz 152ms (cache miss)
718 http fetch GET 200 https://registry.npmjs.org/side-channel/-/side-channel-1.1.0.tgz 152ms (cache miss)
719 http fetch POST 200 https://registry.npmjs.org/-/npm/v1/security/advisories/bulk 168ms
720 silly audit report {}
721 http fetch GET 200 https://registry.npmjs.org/mime-db/-/mime-db-1.52.0.tgz 157ms (cache miss)
722 http fetch GET 200 https://registry.npmjs.org/mime/-/mime-1.6.0.tgz 157ms (cache miss)
723 http fetch GET 200 https://registry.npmjs.org/ms/-/ms-2.0.0.tgz 170ms (cache miss)
724 http fetch GET 200 https://registry.npmjs.org/iconv-lite/-/iconv-lite-0.4.24.tgz 172ms (cache miss)
725 http fetch GET 200 https://registry.npmjs.org/toidentifier/-/toidentifier-1.0.1.tgz 174ms (cache miss)
726 http fetch GET 200 https://registry.npmjs.org/ee-first/-/ee-first-1.1.1.tgz 174ms (cache miss)
727 http fetch GET 200 https://registry.npmjs.org/unpipe/-/unpipe-1.0.0.tgz 173ms (cache miss)
728 http fetch GET 200 https://registry.npmjs.org/inherits/-/inherits-2.0.4.tgz 174ms (cache miss)
729 http fetch GET 200 https://registry.npmjs.org/raw-body/-/raw-body-2.5.3.tgz 180ms (cache miss)
730 http fetch GET 200 https://registry.npmjs.org/destroy/-/destroy-1.2.0.tgz 183ms (cache miss)
731 http fetch GET 200 https://registry.npmjs.org/negotiator/-/negotiator-0.6.3.tgz 196ms (cache miss)
732 http fetch GET 200 https://registry.npmjs.org/mime-types/-/mime-types-2.1.35.tgz 196ms (cache miss)
733 http fetch GET 200 https://registry.npmjs.org/statuses/-/statuses-2.0.2.tgz 196ms (cache miss)
734 http fetch GET 200 https://registry.npmjs.org/vary/-/vary-1.1.2.tgz 196ms (cache miss)
735 http fetch GET 200 https://registry.npmjs.org/bytes/-/bytes-3.1.2.tgz 202ms (cache miss)
736 http fetch GET 200 https://registry.npmjs.org/utils-merge/-/utils-merge-1.0.1.tgz 202ms (cache miss)
737 http fetch GET 200 https://registry.npmjs.org/setprototypeof/-/setprototypeof-1.2.0.tgz 203ms (cache miss)
738 http fetch GET 200 https://registry.npmjs.org/serve-static/-/serve-static-1.16.3.tgz 217ms (cache miss)
739 http fetch GET 200 https://registry.npmjs.org/safe-buffer/-/safe-buffer-5.2.1.tgz 219ms (cache miss)
740 http fetch GET 200 https://registry.npmjs.org/range-parser/-/range-parser-1.2.1.tgz 228ms (cache miss)
741 http fetch GET 200 https://registry.npmjs.org/path-to-regexp/-/path-to-regexp-0.1.12.tgz 227ms (cache miss)
742 http fetch GET 200 https://registry.npmjs.org/send/-/send-0.19.2.tgz 233ms (cache miss)
743 http fetch GET 200 https://registry.npmjs.org/parseurl/-/parseurl-1.3.3.tgz 233ms (cache miss)
744 http fetch GET 200 https://registry.npmjs.org/proxy-addr/-/proxy-addr-2.0.7.tgz 235ms (cache miss)
745 http fetch GET 200 https://registry.npmjs.org/merge-descriptors/-/merge-descriptors-1.0.3.tgz 235ms (cache miss)
746 http fetch GET 200 https://registry.npmjs.org/qs/-/qs-6.14.2.tgz 237ms (cache miss)
747 http fetch GET 200 https://registry.npmjs.org/type-is/-/type-is-1.6.18.tgz 241ms (cache miss)
748 http fetch GET 200 https://registry.npmjs.org/on-finished/-/on-finished-2.4.1.tgz 240ms (cache miss)
749 http fetch GET 200 https://registry.npmjs.org/finalhandler/-/finalhandler-1.3.2.tgz 246ms (cache miss)
750 http fetch GET 200 https://registry.npmjs.org/http-errors/-/http-errors-2.0.1.tgz 249ms (cache miss)
751 http fetch GET 200 https://registry.npmjs.org/fresh/-/fresh-0.5.2.tgz 250ms (cache miss)
752 http fetch GET 200 https://registry.npmjs.org/methods/-/methods-1.1.2.tgz 252ms (cache miss)
753 http fetch GET 200 https://registry.npmjs.org/etag/-/etag-1.8.1.tgz 264ms (cache miss)
754 http fetch GET 200 https://registry.npmjs.org/depd/-/depd-2.0.0.tgz 265ms (cache miss)
755 http fetch GET 200 https://registry.npmjs.org/cookie-signature/-/cookie-signature-1.0.7.tgz 276ms (cache miss)
756 http fetch GET 200 https://registry.npmjs.org/content-disposition/-/content-disposition-0.5.4.tgz 277ms (cache miss)
757 http fetch GET 200 https://registry.npmjs.org/content-type/-/content-type-1.0.5.tgz 277ms (cache miss)
758 http fetch GET 200 https://registry.npmjs.org/debug/-/debug-2.6.9.tgz 277ms (cache miss)
759 http fetch GET 200 https://registry.npmjs.org/cookie/-/cookie-0.7.2.tgz 280ms (cache miss)
760 http fetch GET 200 https://registry.npmjs.org/escape-html/-/escape-html-1.0.3.tgz 282ms (cache miss)
761 http fetch GET 200 https://registry.npmjs.org/encodeurl/-/encodeurl-2.0.0.tgz 284ms (cache miss)
762 http fetch GET 200 https://registry.npmjs.org/ms/-/ms-2.1.3.tgz 296ms (cache miss)
763 http fetch GET 200 https://registry.npmjs.org/array-flatten/-/array-flatten-1.1.1.tgz 296ms (cache miss)
764 http fetch GET 200 https://registry.npmjs.org/express/-/express-4.22.1.tgz 298ms (cache miss)
765 http fetch GET 200 https://registry.npmjs.org/debug/-/debug-4.4.3.tgz 297ms (cache miss)
766 http fetch GET 200 https://registry.npmjs.org/debug/-/debug-4.4.3.tgz 304ms (cache miss)
767 http fetch GET 200 https://registry.npmjs.org/accepts/-/accepts-1.3.8.tgz 305ms (cache miss)
768 http fetch GET 200 https://registry.npmjs.org/socket.io/-/socket.io-4.8.3.tgz 306ms (cache miss)
769 http fetch GET 200 https://registry.npmjs.org/ms/-/ms-2.1.3.tgz 309ms (cache miss)
770 http fetch GET 200 https://registry.npmjs.org/body-parser/-/body-parser-1.20.4.tgz 318ms (cache miss)
771 http fetch GET 200 https://registry.npmjs.org/ms/-/ms-2.1.3.tgz 326ms (cache miss)
772 http fetch GET 200 https://registry.npmjs.org/debug/-/debug-4.4.3.tgz 326ms (cache miss)
773 http fetch GET 200 https://registry.npmjs.org/debug/-/debug-4.4.3.tgz 332ms (cache miss)
774 http fetch GET 200 https://registry.npmjs.org/ms/-/ms-2.1.3.tgz 333ms (cache miss)
775 http fetch GET 200 https://registry.npmjs.org/ms/-/ms-2.1.3.tgz 430ms (cache miss)
776 silly ADD node_modules/media-typer
777 silly ADD node_modules/@socket.io/component-emitter
778 silly ADD node_modules/undici-types
779 silly ADD node_modules/ws
780 silly ADD node_modules/engine.io-parser
781 silly ADD node_modules/@types/node
782 silly ADD node_modules/@types/cors
783 silly ADD node_modules/object-assign
784 silly ADD node_modules/socket.io-parser
785 silly ADD node_modules/socket.io-parser/node_modules/ms
786 silly ADD node_modules/socket.io-parser/node_modules/debug
787 silly ADD node_modules/socket.io-adapter
788 silly ADD node_modules/socket.io-adapter/node_modules/ms
789 silly ADD node_modules/socket.io-adapter/node_modules/debug
790 silly ADD node_modules/engine.io
791 silly ADD node_modules/engine.io/node_modules/ms
792 silly ADD node_modules/engine.io/node_modules/debug
793 silly ADD node_modules/cors
794 silly ADD node_modules/base64id
795 silly ADD node_modules/dunder-proto
796 silly ADD node_modules/math-intrinsics
797 silly ADD node_modules/hasown
798 silly ADD node_modules/has-symbols
799 silly ADD node_modules/gopd
800 silly ADD node_modules/get-proto
801 silly ADD node_modules/es-object-atoms
802 silly ADD node_modules/es-define-property
803 silly ADD node_modules/function-bind
804 silly ADD node_modules/call-bind-apply-helpers
805 silly ADD node_modules/get-intrinsic
806 silly ADD node_modules/call-bound
807 silly ADD node_modules/side-channel-weakmap
808 silly ADD node_modules/side-channel-map
809 silly ADD node_modules/side-channel-list
810 silly ADD node_modules/object-inspect
811 silly ADD node_modules/es-errors
812 silly ADD node_modules/mime
813 silly ADD node_modules/side-channel
814 silly ADD node_modules/ipaddr.js
815 silly ADD node_modules/forwarded
816 silly ADD node_modules/ee-first
817 silly ADD node_modules/mime-db
818 silly ADD node_modules/safer-buffer
819 silly ADD node_modules/toidentifier
820 silly ADD node_modules/inherits
821 silly ADD node_modules/ms
822 silly ADD node_modules/unpipe
823 silly ADD node_modules/raw-body
824 silly ADD node_modules/iconv-lite
825 silly ADD node_modules/destroy
826 silly ADD node_modules/bytes
827 silly ADD node_modules/negotiator
828 silly ADD node_modules/mime-types
829 silly ADD node_modules/vary
830 silly ADD node_modules/utils-merge
831 silly ADD node_modules/type-is
832 silly ADD node_modules/statuses
833 silly ADD node_modules/setprototypeof
834 silly ADD node_modules/serve-static
835 silly ADD node_modules/send
836 silly ADD node_modules/send/node_modules/ms
837 silly ADD node_modules/safe-buffer
838 silly ADD node_modules/range-parser
839 silly ADD node_modules/qs
840 silly ADD node_modules/proxy-addr
841 silly ADD node_modules/path-to-regexp
842 silly ADD node_modules/parseurl
843 silly ADD node_modules/on-finished
844 silly ADD node_modules/methods
845 silly ADD node_modules/merge-descriptors
846 silly ADD node_modules/http-errors
847 silly ADD node_modules/fresh
848 silly ADD node_modules/finalhandler
849 silly ADD node_modules/etag
850 silly ADD node_modules/escape-html
851 silly ADD node_modules/encodeurl
852 silly ADD node_modules/depd
853 silly ADD node_modules/debug
854 silly ADD node_modules/cookie-signature
855 silly ADD node_modules/cookie
856 silly ADD node_modules/content-type
857 silly ADD node_modules/content-disposition
858 silly ADD node_modules/body-parser
859 silly ADD node_modules/array-flatten
860 silly ADD node_modules/accepts
861 silly ADD node_modules/socket.io
862 silly ADD node_modules/socket.io/node_modules/ms
863 silly ADD node_modules/socket.io/node_modules/debug
864 silly ADD node_modules/express
865 verbose cwd /Users/ewanlimrick/Desktop/hoopduels
866 verbose os Darwin 25.2.0
867 verbose node v22.13.1
868 verbose npm  v10.9.2
869 notice
869 notice New [31mmajor[39m version of npm available! [31m10.9.2[39m -> [34m11.10.0[39m
869 notice Changelog: [34mhttps://github.com/npm/cli/releases/tag/v11.10.0[39m
869 notice To update run: [4mnpm install -g npm@11.10.0[24m
869 notice  { force: true, [Symbol(proc-log.meta)]: true }
870 verbose exit 0
871 info ok
